archive=/tmp/cosmic-zlib-startup-final/libz-sia.a member=adler32.sia
archive=/tmp/cosmic-zlib-startup-final/libz-sia.a member=crc32.sia
archive=/tmp/cosmic-zlib-startup-final/libz-sia.a member=deflate.sia
archive=/tmp/cosmic-zlib-startup-final/libz-sia.a member=inflate.sia
archive=/tmp/cosmic-zlib-startup-final/libz-sia.a member=inffast.sia
archive=/tmp/cosmic-zlib-startup-final/libz-sia.a member=inftrees.sia
archive=/tmp/cosmic-zlib-startup-final/libz-sia.a member=trees.sia
archive=/tmp/cosmic-zlib-startup-final/libz-sia.a member=zutil.sia
base=0x00010000 entry=0x0001019c bytes=503592 output=/tmp/cosmic-zlib-startup-final/image.csia
0x00010000 size=406 code @tu0:__cosmic_static_global_allocate
0x00010198 size=2 code @tu0:__cosmic_static_global_release
0x0001019c size=4500 code main
0x00011330 size=1734 code adler32_z
0x000119f8 size=38 code adler32
0x00011a20 size=1200 code @tu1:__cosmic_static_global_adler32_combine_
0x00011ed0 size=38 code adler32_combine
0x00011ef8 size=38 code adler32_combine64
0x00011f20 size=192 code @tu2:__cosmic_static_global_multmodp
0x00011fe0 size=440 code @tu2:__cosmic_static_global_x2nmodp
0x00012198 size=10 code get_crc_table
0x000121a4 size=678 code crc32_z
0x0001244c size=38 code crc32
0x00012474 size=136 code crc32_combine_gen64
0x000124fc size=38 code crc32_combine_gen
0x00012524 size=148 code crc32_combine_op
0x000125b8 size=86 code crc32_combine64
0x00012610 size=38 code crc32_combine
0x00012638 size=298 code @tu3:__cosmic_static_global_slide_hash
0x00012764 size=430 code @tu3:__cosmic_static_global_read_buf
0x00012914 size=1990 code @tu3:__cosmic_static_global_fill_window
0x000130dc size=66 code deflateInit_
0x00013120 size=3534 code deflateInit2_
0x00013ef0 size=1190 code @tu3:__cosmic_static_global_deflateStateCheck
0x00014398 size=1648 code deflateSetDictionary
0x00014a08 size=516 code deflateGetDictionary
0x00014c0c size=462 code deflateResetKeep
0x00014ddc size=460 code @tu3:__cosmic_static_global_lm_init
0x00014fa8 size=144 code deflateReset
0x00015038 size=260 code deflateSetHeader
0x0001513c size=432 code deflatePending
0x000152ec size=220 code deflateUsed
0x000153c8 size=710 code deflatePrime
0x00015690 size=1896 code deflateParams
0x00015df8 size=240 code deflateTune
0x00015ee8 size=1662 code deflateBound_z
0x00016568 size=102 code deflateBound
0x000165d0 size=72 code @tu3:__cosmic_static_global_putShortMSB
0x00016618 size=392 code @tu3:__cosmic_static_global_flush_pending
0x000167a0 size=11904 code deflate
0x00019620 size=566 code deflateEnd
0x00019858 size=1504 code deflateCopy
0x00019e38 size=3074 code @tu3:__cosmic_static_global_longest_match
0x0001aa3c size=4878 code @tu3:__cosmic_static_global_deflate_stored
0x0001bd4c size=3364 code @tu3:__cosmic_static_global_deflate_fast
0x0001ca70 size=4550 code @tu3:__cosmic_static_global_deflate_slow
0x0001dc38 size=3860 code @tu3:__cosmic_static_global_deflate_rle
0x0001eb4c size=1526 code @tu3:__cosmic_static_global_deflate_huff
0x0001f144 size=628 code @tu4:__cosmic_static_global_inflateStateCheck
0x0001f3b8 size=392 code inflateResetKeep
0x0001f540 size=166 code inflateReset
0x0001f5e8 size=904 code inflateReset2
0x0001f970 size=942 code inflateInit2_
0x0001fd20 size=46 code inflateInit_
0x0001fd50 size=610 code inflatePrime
0x0001ffb4 size=850 code @tu4:__cosmic_static_global_updatewindow
0x00020308 size=63750 code inflate
0x0002fc10 size=244 code inflateEnd
0x0002fd04 size=478 code inflateGetDictionary
0x0002fee4 size=720 code inflateSetDictionary
0x000301b4 size=258 code inflateGetHeader
0x000302b8 size=344 code @tu4:__cosmic_static_global_syncsearch
0x00030410 size=1112 code inflateSync
0x00030868 size=246 code inflateSyncPoint
0x00030960 size=1170 code inflateCopy
0x00030df4 size=150 code inflateUndermine
0x00030e8c size=304 code inflateValidate
0x00030fbc size=308 code inflateMark
0x000310f0 size=156 code inflateCodesUsed
0x0003118c size=3442 code inflate_fast
0x00031f00 size=5636 code inflate_table
0x00033504 size=64 code inflate_fixed
0x00033544 size=80 code @tu7:__cosmic_static_global_bi_reverse
0x00033594 size=316 code @tu7:__cosmic_static_global_bi_flush
0x000336d0 size=316 code @tu7:__cosmic_static_global_bi_windup
0x0003380c size=416 code @tu7:__cosmic_static_global_gen_codes
0x000339ac size=2 code @tu7:__cosmic_static_global_tr_static_init
0x000339b0 size=306 code @tu7:__cosmic_static_global_init_block
0x00033ae4 size=220 code _tr_init
0x00033bc0 size=1068 code @tu7:__cosmic_static_global_pqdownheap
0x00033fec size=1486 code @tu7:__cosmic_static_global_gen_bitlen
0x000345bc size=1390 code @tu7:__cosmic_static_global_build_tree
0x00034b2c size=882 code @tu7:__cosmic_static_global_scan_tree
0x00034ea0 size=4028 code @tu7:__cosmic_static_global_send_tree
0x00035e5c size=324 code @tu7:__cosmic_static_global_build_bl_tree
0x00035fa0 size=1688 code @tu7:__cosmic_static_global_send_all_trees
0x00036638 size=654 code _tr_stored_block
0x000368c8 size=38 code _tr_flush_bits
0x000368f0 size=720 code _tr_align
0x00036bc0 size=2988 code @tu7:__cosmic_static_global_compress_block
0x0003776c size=672 code @tu7:__cosmic_static_global_detect_data_type
0x00037a0c size=1576 code _tr_flush_block
0x00038034 size=462 code _tr_tally
0x00038204 size=10 code zlibVersion
0x00038210 size=358 code zlibCompileFlags
0x00038378 size=182 code zError
0x00038430 size=60 code zmemcpy
0x0003846c size=180 code zmemcmp
0x00038520 size=108 code zmemzero
0x0003858c size=6 rodata @tu0:__cosmic_str_0
0x00038594 size=32 rodata @tu0:__cosmic_static_global_expected_size
0x000385b4 size=32 rodata @tu0:__cosmic_static_global_expected_offset
0x000385d4 size=32 rodata @tu0:__cosmic_static_global_expected_crc
0x000385f4 size=32 rodata @tu0:__cosmic_static_global_expected_adler
0x00038614 size=2998 rodata @tu0:__cosmic_static_global_expected_bytes
0x000391d0 size=327680 bss @tu0:__cosmic_static_global_arena_words
0x000891d0 size=4 bss @tu0:__cosmic_static_global_used
0x000891d4 size=32 rodata @tu0:__cosmic_static_global_sizes
0x000891f4 size=32 rodata @tu0:__cosmic_static_global_levels
0x00089214 size=32 rodata @tu0:__cosmic_static_global_strategies
0x00089234 size=1024 rodata @tu2:__cosmic_static_global_crc_table
0x00089634 size=128 rodata @tu2:__cosmic_static_global_x2n_table
0x000896b4 size=68 rodata @tu3:__cosmic_str_0
0x000896f8 size=6 rodata @tu3:__cosmic_str_1
0x000896fe size=6 rodata @tu3:__cosmic_static_local_115_0_my_version
0x00089704 size=68 rodata deflate_copyright
0x00089748 size=120 rodata @tu3:__cosmic_static_global_configuration_table
0x000897c0 size=6 rodata @tu4:__cosmic_str_0
0x000897c8 size=23 rodata @tu4:__cosmic_str_1
0x000897e0 size=27 rodata @tu4:__cosmic_str_2
0x000897fc size=20 rodata @tu4:__cosmic_str_3
0x00089810 size=25 rodata @tu4:__cosmic_str_4
0x0008982c size=20 rodata @tu4:__cosmic_str_5
0x00089840 size=19 rodata @tu4:__cosmic_str_6
0x00089854 size=29 rodata @tu4:__cosmic_str_7
0x00089874 size=36 rodata @tu4:__cosmic_str_8
0x00089898 size=25 rodata @tu4:__cosmic_str_9
0x000898b4 size=26 rodata @tu4:__cosmic_str_10
0x000898d0 size=37 rodata @tu4:__cosmic_str_11
0x000898f8 size=28 rodata @tu4:__cosmic_str_12
0x00089914 size=22 rodata @tu4:__cosmic_str_13
0x0008992c size=28 rodata @tu4:__cosmic_str_14
0x00089948 size=22 rodata @tu4:__cosmic_str_15
0x00089960 size=30 rodata @tu4:__cosmic_str_16
0x00089980 size=21 rodata @tu4:__cosmic_str_17
0x00089998 size=23 rodata @tu4:__cosmic_str_18
0x000899b0 size=38 rodata @tu4:__cosmic_static_local_100_0_order
0x000899d8 size=30 rodata @tu5:__cosmic_str_0
0x000899f8 size=22 rodata @tu5:__cosmic_str_1
0x00089a10 size=28 rodata @tu5:__cosmic_str_2
0x00089a2c size=47 rodata @tu6:__cosmic_str_0
0x00089a5c size=62 rodata @tu6:__cosmic_static_local_92_0_lbase
0x00089a9a size=62 rodata @tu6:__cosmic_static_local_92_1_lext
0x00089ad8 size=64 rodata @tu6:__cosmic_static_local_92_2_dbase
0x00089b18 size=64 rodata @tu6:__cosmic_static_local_92_3_dext
0x00089b58 size=47 rodata inflate_copyright
0x00089b88 size=2048 rodata @tu6:__cosmic_static_global_lenfix
0x0008a388 size=128 rodata @tu6:__cosmic_static_global_distfix
0x0008a408 size=116 rodata @tu7:__cosmic_static_global_extra_lbits
0x0008a47c size=120 rodata @tu7:__cosmic_static_global_extra_dbits
0x0008a4f4 size=76 rodata @tu7:__cosmic_static_global_extra_blbits
0x0008a540 size=19 rodata @tu7:__cosmic_static_global_bl_order
0x0008a554 size=1152 rodata @tu7:__cosmic_static_global_static_ltree
0x0008a9d4 size=120 rodata @tu7:__cosmic_static_global_static_dtree
0x0008aa4c size=512 rodata _dist_code
0x0008ac4c size=256 rodata _length_code
0x0008ad4c size=116 rodata @tu7:__cosmic_static_global_base_length
0x0008adc0 size=120 rodata @tu7:__cosmic_static_global_base_dist
0x0008ae38 size=20 rodata @tu7:__cosmic_static_global_static_l_desc
0x0008ae4c size=20 rodata @tu7:__cosmic_static_global_static_d_desc
0x0008ae60 size=20 rodata @tu7:__cosmic_static_global_static_bl_desc
0x0008ae74 size=16 rodata @tu8:__cosmic_str_0
0x0008ae84 size=11 rodata @tu8:__cosmic_str_1
0x0008ae90 size=1 rodata @tu8:__cosmic_str_2
0x0008ae94 size=11 rodata @tu8:__cosmic_str_3
0x0008aea0 size=13 rodata @tu8:__cosmic_str_4
0x0008aeb0 size=11 rodata @tu8:__cosmic_str_5
0x0008aebc size=20 rodata @tu8:__cosmic_str_6
0x0008aed0 size=13 rodata @tu8:__cosmic_str_7
0x0008aee0 size=21 rodata @tu8:__cosmic_str_8
0x0008aef8 size=6 rodata @tu8:__cosmic_str_9
0x0008af00 size=40 rodata z_errmsg
